14:00:32 **** Incremental Build of configuration Debug for project me507_lab2 ****
make -j12 all 
arm-none-eabi-gcc "../Core/Src/main.c" -mcpu=cortex-m4 -std=gnu11 -g3 -DDEBUG -DUSE_HAL_DRIVER -DSTM32F411xE -c -I../Core/Inc -I../Drivers/STM32F4xx_HAL_Driver/Inc -I../Drivers/STM32F4xx_HAL_Driver/Inc/Legacy -I../Drivers/CMSIS/Device/ST/STM32F4xx/Include -I../Drivers/CMSIS/Include -O0 -ffunction-sections -fdata-sections -Wall -fstack-usage -fcyclomatic-complexity -MMD -MP -MF"Core/Src/main.d" -MT"Core/Src/main.o" --specs=nano.specs -mfpu=fpv4-sp-d16 -mfloat-abi=hard -mthumb -o "Core/Src/main.o"
arm-none-eabi-gcc -o "me507_lab2.elf" @"objects.list"   -mcpu=cortex-m4 -T"C:\Users\kyle\Documents\GitHub\ME507\workspace_1.18.0\me507_lab2\STM32F411CEUX_FLASH.ld" --specs=nosys.specs -Wl,-Map="me507_lab2.map" -Wl,--gc-sections -static --specs=nano.specs -mfpu=fpv4-sp-d16 -mfloat-abi=hard -mthumb -Wl,--start-group -lc -lm -Wl,--end-group
Finished building target: me507_lab2.elf
 
arm-none-eabi-size  me507_lab2.elf 
arm-none-eabi-objdump -h -S me507_lab2.elf  > "me507_lab2.list"
   text	   data	    bss	    dec	    hex	filename
  17212	     92	   2116	  19420	   4bdc	me507_lab2.elf
Finished building: default.size.stdout
 
Finished building: me507_lab2.list
 
14:00:36 **** Incremental Build of configuration Debug for project me507_lab2 ****
make -j12 all 
arm-none-eabi-size  me507_lab2.elf 
   text	   data	    bss	    dec	    hex	filename
  17212	     92	   2116	  19420	   4bdc	me507_lab2.elf
Finished building: default.size.stdout
 
