18:00:10 **** Incremental Build of configuration Debug for project me507_term_project ****
make -j12 all 
arm-none-eabi-gcc "../Core/Src/main.c" -mcpu=cortex-m4 -std=gnu11 -g3 -DDEBUG -DUSE_HAL_DRIVER -DSTM32F411xE -c -I../Core/Inc -I../Drivers/STM32F4xx_HAL_Driver/Inc -I../Drivers/STM32F4xx_HAL_Driver/Inc/Legacy -I../Drivers/CMSIS/Device/ST/STM32F4xx/Include -I../Drivers/CMSIS/Include -O0 -ffunction-sections -fdata-sections -Wall -fstack-usage -fcyclomatic-complexity -MMD -MP -MF"Core/Src/main.d" -MT"Core/Src/main.o" --specs=nano.specs -mfpu=fpv4-sp-d16 -mfloat-abi=hard -mthumb -o "Core/Src/main.o"
arm-none-eabi-gcc -o "me507_term_project.elf" @"objects.list"   -mcpu=cortex-m4 -T"C:\Users\kyle\Documents\GitHub\ME507\workspace_1.18.0\me507_term_project\STM32F411CEUX_FLASH.ld" --specs=nosys.specs -Wl,-Map="me507_term_project.map" -Wl,--gc-sections -static --specs=nano.specs -mfpu=fpv4-sp-d16 -mfloat-abi=hard -mthumb -Wl,--start-group -lc -lm -Wl,--end-group
Finished building target: me507_term_project.elf
 
arm-none-eabi-size  me507_term_project.elf 
arm-none-eabi-objdump -h -S me507_term_project.elf  > "me507_term_project.list"
   text	   data	    bss	    dec	    hex	filename
  20128	    100	   2420	  22648	   5878	me507_term_project.elf
Finished building: default.size.stdout
 
Finished building: me507_term_project.list
 

18:00:11 Build Finished. 0 errors, 0 warnings. (took 905ms)

